<html>
<body>
<pre>
<h1>µVision Build Log</h1>
<h2>Tool Versions:</h2>
IDE-Version: µVision V5.22.0.0
Copyright (C) 2016 ARM Ltd and ARM Germany GmbH. All rights reserved.
License Information: Travis Mazzy, SFSU, LIC=----
 
Tool Versions:
Toolchain:       MDK-Lite  Version: 5.22
Toolchain Path:  C:\Keil_v5\ARM\ARMCC\Bin
C Compiler:      Armcc.exe V5.06 update 4 (build 422)
Assembler:       Armasm.exe V5.06 update 4 (build 422)
Linker/Locator:  ArmLink.exe V5.06 update 4 (build 422)
Library Manager: ArmAr.exe V5.06 update 4 (build 422)
Hex Converter:   FromElf.exe V5.06 update 4 (build 422)
CPU DLL:         SARMCM3.DLL V5.22
Dialog DLL:      DCM.DLL V1.13.9.0
Target DLL:      lmidk-agdi.dll V???
Dialog DLL:      TCM.DLL V1.21.0.0
 
<h2>Project:</h2>
C:\ti\TivaWare_C_Series-2.1.3.156\examples\boards\my_projects\Bluetooth\Bluetooth.uvproj
Project File Date:  04/30/2017

<h2>Output:</h2>
*** Using Compiler 'V5.06 update 4 (build 422)', folder: 'C:\Keil_v5\ARM\ARMCC\Bin'
Rebuild target 'Target 1'
assembling startup_rvmdk.S...
compiling uartstdio.c...
compiling Bluetooth.c...
..\..\..\..\..\TivaWare_C_Series-2.1.3.156\driverlib/hibernate.h(232): warning:  #231-D: declaration is not visible outside of function
  extern void HibernateCalendarSet(struct tm *psTime);
..\..\..\..\..\TivaWare_C_Series-2.1.3.156\driverlib/hibernate.h(233): warning:  #231-D: declaration is not visible outside of function
  extern int HibernateCalendarGet(struct tm *psTime);
..\..\..\..\..\TivaWare_C_Series-2.1.3.156\driverlib/hibernate.h(234): warning:  #231-D: declaration is not visible outside of function
  extern void HibernateCalendarMatchSet(uint32_t ui32Index, struct tm *psTime);
..\..\..\..\..\TivaWare_C_Series-2.1.3.156\driverlib/hibernate.h(235): warning:  #231-D: declaration is not visible outside of function
  extern void HibernateCalendarMatchGet(uint32_t ui32Index, struct tm *psTime);
Bluetooth.c(804): warning:  #177-D: variable "greatest"  was declared but never referenced
  	uint32_t greatest = 0;
Bluetooth.c(808): warning:  #177-D: variable "skipCounter"  was declared but never referenced
  	int skipCounter = 0;		//Another prototyping variable
Bluetooth.c: 6 warnings, 0 errors
linking...
Program Size: Code=19316 RO-data=1836 RW-data=196 ZI-data=2172  
".\Objects\Bluetooth.axf" - 0 Error(s), 6 Warning(s).
Build Time Elapsed:  00:00:02
</pre>
</body>
</html>
